// Jest Snapshot v1, https://goo.gl/fbAQLP

exports[`ID: QAI:base-TC016 - Contact Page renders correctly 1`] = `
<div>
  <div
    class="container flex flex-col mx-auto contactPage"
  >
    <h1
      class="text-center"
    >
      Contact Us
    </h1>
    <div
      class="col-md-6 offset-md-3 flex flex-col info"
    >
      <div
        class="mx-auto tableWrapper"
      >
        <table>
          <tbody>
            <tr>
              <td>
                Inquiries:
              </td>
              <td>
                info@quizzify-ai.org
              </td>
            </tr>
            <tr>
              <td>
                Support:
              </td>
              <td>
                support@quizzify-ai.org
              </td>
            </tr>
          </tbody>
        </table>
      </div>
    </div>
  </div>
</div>
`;
