// Jest Snapshot v1, https://goo.gl/fbAQLP

exports[`ID: QAI:base-TC015 - Pricing Page renders correctly 1`] = `
<div>
  <div
    class="container flex flex-col mx-auto pricingPage"
  >
    <div
      class="tmp"
    >
      <h1
        class="text-center"
      >
        Pricing not implemented!
      </h1>
      <p>
        Our pricing model is in the works and we will soon be able to provide Price information and different methods of payment.
      </p>
      <p>
        Thank you for your patience and understanding.
      </p>
    </div>
  </div>
</div>
`;
