// Jest Snapshot v1, https://goo.gl/fbAQLP

exports[`ID: QAI:base-TC014 - Quizzes Page renders correctly 1`] = `
<div>
  <div
    class="container mx-auto flex flex-col flex-fill items-center quizPage"
  >
    <h1
      class="text-center"
    >
      Create your quiz
    </h1>
    <div
      class="col-md-6 offset-md-3 flex flex-col info"
    >
      <form
        class="mx-auto queryForm"
      >
        <div
          class="multiChoice"
        >
          <label
            for="multiChoice"
          >
            Multiple choice questions:  
            <input
              id="multiChoice"
              name="multiChoice"
              type="checkbox"
            />
          </label>
          <div
            class="numberOfQuestions"
          >
            <label
              for="numbOfMultiChoice"
            >
              Number of choices:
            </label>
            <select
              disabled=""
              id="numbOfMultiChoice"
              name="numbOfMultiChoice"
            >
              <option
                value="3"
              >
                3
              </option>
              <option
                value="4"
              >
                4
              </option>
              <option
                value="5"
              >
                5
              </option>
            </select>
          </div>
        </div>
        <div
          class="numberOfQuestions"
        >
          <label
            for="issue"
          >
            Number of questions:
          </label>
          <select
            id="issue"
            name="amount"
          >
            <option
              value="10"
            >
              10
            </option>
            <option
              value="15"
            >
              15
            </option>
            <option
              value="20"
            >
              20
            </option>
            <option
              value="25"
            >
              25
            </option>
          </select>
        </div>
        <div
          class="subjectInput"
        >
          <label
            for="subjectText"
          >
            Subject:
          </label>
          <input
            class="subjectInput"
            id="subjectText"
            name="subject"
            placeholder="Leave blank for general knowledge"
            type="text"
          />
        </div>
        <div
          class="buttons"
        >
          <input
            type="submit"
            value="Generate Quiz"
          />
          <input
            type="reset"
            value="Reset"
          />
        </div>
      </form>
    </div>
  </div>
</div>
`;
